// Jest Snapshot v1, https://goo.gl/fbAQLP

exports[`Render profile correctly 1`] = `
<div>
  <div
    className="row"
  >
    <div
      className="col-3 text-right"
    >
      <a
        href="#"
      >
        Sign up
      </a>
    </div>
    <div
      className="col-1"
    >
      <a
        href="#"
      >
        Log in
      </a>
    </div>
  </div>
  <br />
  <br />
  <ul
    className="nav nav-pills"
  >
    <li
      className="nav-item"
    >
      <a
        className="nav-link"
        href="#about"
      >
        About
      </a>
    </li>
    <li
      className="nav-item"
    >
      <a
        className="nav-link"
        href="#reviews"
      >
        Reviews
      </a>
    </li>
    <li
      className="nav-item"
    >
      <a
        className="nav-link"
        href="#faqs"
      >
        FAQs
      </a>
    </li>
  </ul>
  <div
    className="row"
  >
    <div
      className="col-2"
    >
      <a
        name="about"
      />
      <img
        src="https://picsum.photos/150/150"
      />
    </div>
    <div
      className="col-10"
    >
      <h3 />
      <i
        className="fa fa-star cs4500-yellow"
      />
      <i
        className="fa fa-star cs4500-yellow"
      />
      <i
        className="fa fa-star cs4500-yellow"
      />
      <i
        className="fa fa-star cs4500-yellow"
      />
      <i
        className="fa fa-star cs4500-yellow"
      />
      (
      0
      )
    </div>
  </div>
  <div>
    <br />
    <p />
  </div>
  <div
    className="row"
  >
    <div
      className="col-6"
    >
      <h4>
        Overview
      </h4>
      <i
        className="fa fa-trophy"
      />
        Hired 
       times
      <br />
      <i
        className="fa fa-lock"
      />
       
      
      <br />
      <i
        className="fa fa-users"
      />
       
       Employees
      <br />
      <i
        className="fa fa-briefcase"
      />
       
    </div>
    <div
      className="col-6"
    >
      <h4>
        Payment methods
      </h4>
      <i
        className="fa fa-usd"
      />
    </div>
  </div>
  <hr />
  <div
    className="row"
  >
    <div
      className="col-8"
    >
      <a
        name="reviews"
      />
      <h3>
        Reviews
      </h3>
    </div>
    <hr />
    <div
      className="col-4"
    >
      <select
        className="form-control float-right"
      >
        <option>
          Recommended
        </option>
        <option>
          Highest rated
        </option>
        <option>
          Lowest rated
        </option>
        <option>
          Newest first
        </option>
        <option>
          Oldest first
        </option>
      </select>
      <br />
      <br />
    </div>
  </div>
  <div
    className="row"
  >
    <div
      className="col-4"
    >
      <h4>
        Rating: undefined
      </h4>
      <i
        className="fa fa-star cs4500-yellow wd-font-size-2-em"
      />
      <i
        className="fa fa-star cs4500-yellow wd-font-size-2-em"
      />
      <i
        className="fa fa-star cs4500-yellow wd-font-size-2-em"
      />
      <i
        className="fa fa-star cs4500-yellow wd-font-size-2-em"
      />
      <i
        className="fa fa-star cs4500-yellow wd-font-size-2-em"
      />
      <br />
      0
       reviews
    </div>
    <div
      className="col-8"
    />
  </div>
  <br />
  <div>
    <div
      className="center"
    >
      <nav
        aria-label="..."
      >
        <ul
          className="pagination"
        >
          <li
            className="page-item disabled"
          >
            <span
              className="page-link"
            >
              Previous
            </span>
          </li>
          <li
            className="page-item"
          >
            <a
              className="page-link"
              href="#"
            >
              1
            </a>
          </li>
          <li
            aria-current="page"
            className="page-item active"
          >
            <span
              className="page-link"
            >
              2
              <span
                className="sr-only"
              >
                (current)
              </span>
            </span>
          </li>
          <li
            className="page-item"
          >
            <a
              className="page-link"
              href="#"
            >
              3
            </a>
          </li>
          <li
            className="page-item"
          >
            <a
              className="page-link"
              href="#"
            >
              Next
            </a>
          </li>
        </ul>
      </nav>
    </div>
  </div>
  <div>
    <input
      className="review-fld"
      name="reviewDescription"
      onChange={
        Array [
          [Function],
        ]
      }
      value=""
    />
    <select
      className="star-fld"
      name="reviewRating"
      onChange={
        Array [
          [Function],
        ]
      }
      value=""
    >
      <option
        value={1}
      >
        1
      </option>
      <option
        value={2}
      >
        2
      </option>
      <option
        value={3}
      >
        3
      </option>
      <option
        value={4}
      >
        4
      </option>
      <option
        value={5}
      >
        5
      </option>
    </select>
    <button
      className="submit-review-btn"
      onClick={[Function]}
    >
      Submit Review
    </button>
  </div>
  <div>
    <hr />
    <a
      name="faqs"
    />
    <h3>
      FAQs
    </h3>
  </div>
</div>
`;
